[debug] [2026-08-05T11:32:33.613Z] ----------------------------------------------------------------------
[debug] [2026-08-05T11:32:33.620Z] Command:       C:\Program Files\nodejs\node.exe C:\Users\kushs\AppData\Local\npm-cache\_npx\7750544ccf494d8b\node_modules\firebase-tools\lib\bin\firebase.js deploy --only hosting
[debug] [2026-08-05T11:32:33.621Z] CLI Version:   15.25.1
[debug] [2026-08-05T11:32:33.621Z] Platform:      win32
[debug] [2026-08-05T11:32:33.621Z] Node Version:  v24.15.0
[debug] [2026-08-05T11:32:33.621Z] Detected Agent: antigravity
[debug] [2026-08-05T11:32:33.621Z] Time:          Wed Aug 05 2026 17:02:33 GMT+0530 (India Standard Time)
[debug] [2026-08-05T11:32:33.622Z] ----------------------------------------------------------------------
[debug] 
[debug] [2026-08-05T11:32:33.648Z] >>> [apiv2][query] GET https://firebase-public.firebaseio.com/cli.json [none]
[debug] [2026-08-05T11:32:36.727Z] > command requires scopes: ["email","openid","https://www.googleapis.com/auth/cloudplatformprojects.readonly","https://www.googleapis.com/auth/firebase","https://www.googleapis.com/auth/cloud-platform"]
[debug] [2026-08-05T11:32:36.727Z] > authorizing via signed-in user (mewariachar@gmail.com)
[debug] [2026-08-05T11:32:36.728Z] [iam] checking project sabarimala-temple-system for permissions ["firebase.projects.get","firebasehosting.sites.update"]
[debug] [2026-08-05T11:32:36.729Z] Checked if tokens are valid: false, expires at: 1785817879136
[debug] [2026-08-05T11:32:36.729Z] Checked if tokens are valid: false, expires at: 1785817879136
[debug] [2026-08-05T11:32:36.730Z] > refreshing access token with scopes: []
[debug] [2026-08-05T11:32:36.732Z] >>> [apiv2][query] POST https://www.googleapis.com/oauth2/v3/token [none]
[debug] [2026-08-05T11:32:36.732Z] >>> [apiv2][body] POST https://www.googleapis.com/oauth2/v3/token [omitted]
[debug] [2026-08-05T11:32:37.200Z] <<< [apiv2][status] POST https://www.googleapis.com/oauth2/v3/token 200
[debug] [2026-08-05T11:32:37.201Z] <<< [apiv2][body] POST https://www.googleapis.com/oauth2/v3/token [omitted]
[debug] [2026-08-05T11:32:37.215Z] >>> [apiv2][query] POST https://cloudresourcemanager.googleapis.com/v1/projects/sabarimala-temple-system:testIamPermissions [none]
[debug] [2026-08-05T11:32:37.215Z] >>> [apiv2][(partial)header] POST https://cloudresourcemanager.googleapis.com/v1/projects/sabarimala-temple-system:testIamPermissions  x-goog-user-project=sabarimala-temple-system
[debug] [2026-08-05T11:32:37.216Z] >>> [apiv2][body] POST https://cloudresourcemanager.googleapis.com/v1/projects/sabarimala-temple-system:testIamPermissions {"permissions":["firebase.projects.get","firebasehosting.sites.update"]}
[debug] [2026-08-05T11:32:37.503Z] <<< [apiv2][status] GET https://firebase-public.firebaseio.com/cli.json 200
[debug] [2026-08-05T11:32:37.504Z] <<< [apiv2][body] GET https://firebase-public.firebaseio.com/cli.json {"cloudBuildErrorAfter":1594252800000,"cloudBuildWarnAfter":1590019200000,"defaultNode10After":1594252800000,"minVersion":"3.0.5","node8DeploysDisabledAfter":1613390400000,"node8RuntimeDisabledAfter":1615809600000,"node8WarnAfter":1600128000000}
[debug] [2026-08-05T11:32:38.871Z] <<< [apiv2][status] POST https://cloudresourcemanager.googleapis.com/v1/projects/sabarimala-temple-system:testIamPermissions 403
[debug] [2026-08-05T11:32:38.871Z] <<< [apiv2][body] POST https://cloudresourcemanager.googleapis.com/v1/projects/sabarimala-temple-system:testIamPermissions {"error":{"code":403,"message":"Caller does not have required permission to use project sabarimala-temple-system. Grant the caller the roles/serviceusage.serviceUsageConsumer role, or a custom role with the serviceusage.services.use permission, by visiting https://console.developers.google.com/iam-admin/iam?project=sabarimala-temple-system and then retry. Propagation of the new permission may take a few minutes.","status":"PERMISSION_DENIED","details":[{"@type":"type.googleapis.com/google.rpc.ErrorInfo","reason":"USER_PROJECT_DENIED","domain":"googleapis.com","metadata":{"containerInfo":"sabarimala-temple-system","service":"cloudresourcemanager.googleapis.com","consumer":"projects/sabarimala-temple-system","consoleUrl":"https://console.developers.google.com/iam-admin/iam?project=sabarimala-temple-system"}},{"@type":"type.googleapis.com/google.rpc.LocalizedMessage","locale":"en-US","message":"Caller does not have required permission to use project sabarimala-temple-system. Grant the caller the roles/serviceusage.serviceUsageConsumer role, or a custom role with the serviceusage.services.use permission, by visiting https://console.developers.google.com/iam-admin/iam?project=sabarimala-temple-system and then retry. Propagation of the new permission may take a few minutes."},{"@type":"type.googleapis.com/google.rpc.Help","links":[{"description":"Google developer console IAM admin","url":"https://console.developers.google.com/iam-admin/iam?project=sabarimala-temple-system"}]}]}}
[debug] [2026-08-05T11:32:38.873Z] [iam] error while checking permissions, command may fail: Request to https://cloudresourcemanager.googleapis.com/v1/projects/sabarimala-temple-system:testIamPermissions had HTTP Error: 403, Caller does not have required permission to use project sabarimala-temple-system. Grant the caller the roles/serviceusage.serviceUsageConsumer role, or a custom role with the serviceusage.services.use permission, by visiting https://console.developers.google.com/iam-admin/iam?project=sabarimala-temple-system and then retry. Propagation of the new permission may take a few minutes.
[debug] [2026-08-05T11:32:38.874Z] Checked if tokens are valid: true, expires at: 1785933156201
[debug] [2026-08-05T11:32:38.874Z] Checked if tokens are valid: true, expires at: 1785933156201
[debug] [2026-08-05T11:32:38.874Z] >>> [apiv2][query] GET https://firebase.googleapis.com/v1beta1/projects/sabarimala-temple-system [none]
[debug] [2026-08-05T11:32:39.549Z] <<< [apiv2][status] GET https://firebase.googleapis.com/v1beta1/projects/sabarimala-temple-system 403
[debug] [2026-08-05T11:32:39.549Z] <<< [apiv2][body] GET https://firebase.googleapis.com/v1beta1/projects/sabarimala-temple-system {"error":{"code":403,"message":"The caller does not have permission","status":"PERMISSION_DENIED"}}
[debug] [2026-08-05T11:32:39.549Z] Request to https://firebase.googleapis.com/v1beta1/projects/sabarimala-temple-system had HTTP Error: 403, The caller does not have permission
[debug] [2026-08-05T11:32:39.909Z] FirebaseError: Request to https://firebase.googleapis.com/v1beta1/projects/sabarimala-temple-system had HTTP Error: 403, The caller does not have permission
    at responseToError (C:\Users\kushs\AppData\Local\npm-cache\_npx\7750544ccf494d8b\node_modules\firebase-tools\lib\responseToError.js:53:12)
    at RetryOperation._fn (C:\Users\kushs\AppData\Local\npm-cache\_npx\7750544ccf494d8b\node_modules\firebase-tools\lib\apiv2.js:415:77)
    at process.processTicksAndRejections (node:internal/process/task_queues:104:5)
[error] 
[error] Error: Failed to get Firebase project sabarimala-temple-system. Please make sure the project exists and your account has permission to access it.
